<?xml version="1.0" encoding="utf-8"?><testsuites name="pytest tests"><testsuite name="pytest" errors="0" failures="0" skipped="0" tests="11" time="1.606" timestamp="2025-09-13T13:49:07.837478+00:00" hostname="devbox"><testcase classname="tests.test_app.TestAppEndpoints" name="test_index_route" time="0.011" /><testcase classname="tests.test_app.TestAppEndpoints" name="test_health_endpoint" time="0.002" /><testcase classname="tests.test_app.TestAppEndpoints" name="test_metrics_endpoint" time="0.002" /><testcase classname="tests.test_app.TestPredictEndpoint" name="test_predict_valid_request" time="0.005" /><testcase classname="tests.test_app.TestPredictEndpoint" name="test_predict_missing_review" time="0.002" /><testcase classname="tests.test_app.TestPredictEndpoint" name="test_predict_empty_review" time="0.002" /><testcase classname="tests.test_app.TestPredictEndpoint" name="test_predict_invalid_json" time="0.002" /><testcase classname="tests.test_app.TestFileUpload" name="test_predict_file_valid" time="0.009" /><testcase classname="tests.test_app.TestFileUpload" name="test_predict_file_no_file" time="0.003" /><testcase classname="tests.test_app.TestSentimentPrediction" name="test_predict_sentiment_function" time="0.001" /><testcase classname="tests.test_app.TestSentimentPrediction" name="test_predict_sentiment_no_model" time="0.001" /></testsuite></testsuites>